   0.1000000000E+001
   0.2538461538E+001
   0.4076923077E+001
   0.5615384615E+001
   0.7153846154E+001
   0.8692307692E+001
   0.1023076923E+002
   0.1176923077E+002
   0.1330769231E+002
   0.1484615385E+002
   0.1638461538E+002
   0.1792307692E+002
   0.1946153846E+002
   0.2100000000E+002
   0.2253846154E+002
   0.2407692308E+002
   0.2561538462E+002
   0.2715384615E+002
   0.2869230769E+002
   0.3023076923E+002
   0.3176923077E+002
   0.3330769231E+002
   0.3484615385E+002
   0.3638461538E+002
   0.3792307692E+002
   0.3946153846E+002
   0.4100000000E+002
   0.4253846154E+002
   0.4407692308E+002
   0.4561538462E+002
   0.4715384615E+002
   0.4869230769E+002
   0.5023076923E+002
   0.5176923077E+002
   0.5330769231E+002
   0.5484615385E+002
   0.5638461538E+002
   0.5792307692E+002
   0.5946153846E+002
   0.6100000000E+002
