 0.00000000E+000   0.00000000E+000   2.51883241E-009
 1.11837820E+000   3.86108424E-004   6.38465741E-004
 2.23675640E+000   1.21002905E-003   7.17101566E-004
 3.35513461E+000   1.81601361E-003   3.54500809E-004
 4.47351284E+000   2.05355151E-003   1.08975955E-004
 5.59189106E+000   2.11963449E-003   2.31178948E-005
 6.71026929E+000   2.11963449E-003  -2.31178908E-005
 7.82864751E+000   2.05355152E-003  -1.08975944E-004
 8.94702573E+000   1.81601363E-003  -3.54500782E-004
 1.00654040E+001   1.21002911E-003  -7.17101547E-004
 1.11837822E+001   3.86108478E-004  -6.38465771E-004
 1.23021603E+001   1.38777878E-017  -2.58362257E-009
