 6.15108021E+000   2.12609812E-003  -1.35525272E-020
